---
source: kcl/src/simulation_tests.rs
description: Program memory after executing array_range_negative_expr.kcl
---
{
  "environments": [
    {
      "bindings": {
        "E": {
          "type": "Number",
          "value": 2.718281828459045,
          "__meta": [
            {
              "sourceRange": [
                634,
                672,
                2
              ]
            }
          ]
        },
        "HALF_TURN": {
          "type": "Number",
          "value": 180.0,
          "__meta": [
            {
              "sourceRange": [
                109,
                115,
                1
              ]
            }
          ]
        },
        "PI": {
          "type": "Number",
          "value": 3.141592653589793,
          "__meta": [
            {
              "sourceRange": [
                281,
                319,
                2
              ]
            }
          ]
        },
        "QUARTER_TURN": {
          "type": "Number",
          "value": 90.0,
          "__meta": [
            {
              "sourceRange": [
                84,
                89,
                1
              ]
            }
          ]
        },
        "TAU": {
          "type": "Number",
          "value": 6.283185307179586,
          "__meta": [
            {
              "sourceRange": [
                1017,
                1055,
                2
              ]
            }
          ]
        },
        "THREE_QUARTER_TURN": {
          "type": "Number",
          "value": 270.0,
          "__meta": [
            {
              "sourceRange": [
                144,
                150,
                1
              ]
            }
          ]
        },
        "ZERO": {
          "type": "Number",
          "value": 0.0,
          "__meta": [
            {
              "sourceRange": [
                60,
                61,
                1
              ]
            }
          ]
        },
        "cos": {
          "type": "Function",
          "expression": {
            "body": {
              "body": [],
              "end": 1444,
              "moduleId": 2,
              "start": 1444
            },
            "end": 1445,
            "moduleId": 2,
            "params": [
              {
                "type": "Parameter",
                "identifier": {
                  "end": 1417,
                  "moduleId": 2,
                  "name": "num",
                  "start": 1414,
                  "type": "Identifier"
                }
              }
            ],
            "start": 1413,
            "type": "FunctionExpression"
          },
          "memory": null,
          "__meta": [
            {
              "sourceRange": [
                1413,
                1445,
                2
              ]
            }
          ]
        },
        "xs": {
          "type": "Array",
          "value": [
            {
              "type": "Int",
              "value": -5,
              "__meta": [
                {
                  "sourceRange": [
                    5,
                    19,
                    0
                  ]
                }
              ]
            },
            {
              "type": "Int",
              "value": -4,
              "__meta": [
                {
                  "sourceRange": [
                    5,
                    19,
                    0
                  ]
                }
              ]
            },
            {
              "type": "Int",
              "value": -3,
              "__meta": [
                {
                  "sourceRange": [
                    5,
                    19,
                    0
                  ]
                }
              ]
            },
            {
              "type": "Int",
              "value": -2,
              "__meta": [
                {
                  "sourceRange": [
                    5,
                    19,
                    0
                  ]
                }
              ]
            },
            {
              "type": "Int",
              "value": -1,
              "__meta": [
                {
                  "sourceRange": [
                    5,
                    19,
                    0
                  ]
                }
              ]
            },
            {
              "type": "Int",
              "value": 0,
              "__meta": [
                {
                  "sourceRange": [
                    5,
                    19,
                    0
                  ]
                }
              ]
            },
            {
              "type": "Int",
              "value": 1,
              "__meta": [
                {
                  "sourceRange": [
                    5,
                    19,
                    0
                  ]
                }
              ]
            },
            {
              "type": "Int",
              "value": 2,
              "__meta": [
                {
                  "sourceRange": [
                    5,
                    19,
                    0
                  ]
                }
              ]
            },
            {
              "type": "Int",
              "value": 3,
              "__meta": [
                {
                  "sourceRange": [
                    5,
                    19,
                    0
                  ]
                }
              ]
            },
            {
              "type": "Int",
              "value": 4,
              "__meta": [
                {
                  "sourceRange": [
                    5,
                    19,
                    0
                  ]
                }
              ]
            },
            {
              "type": "Int",
              "value": 5,
              "__meta": [
                {
                  "sourceRange": [
                    5,
                    19,
                    0
                  ]
                }
              ]
            }
          ],
          "__meta": [
            {
              "sourceRange": [
                5,
                19,
                0
              ]
            }
          ]
        }
      },
      "parent": null
    }
  ],
  "currentEnv": 0,
  "return": null
}
