---
source: kcl/src/simulation_tests.rs
assertion_line: 51
description: Result of tokenizing array_range_negative_expr.kcl
snapshot_kind: text
---
{
  "Ok": [
    {
      "type": "word",
      "start": 0,
      "end": 2,
      "value": "xs"
    },
    {
      "type": "whitespace",
      "start": 2,
      "end": 3,
      "value": " "
    },
    {
      "type": "operator",
      "start": 3,
      "end": 4,
      "value": "="
    },
    {
      "type": "whitespace",
      "start": 4,
      "end": 5,
      "value": " "
    },
    {
      "type": "brace",
      "start": 5,
      "end": 6,
      "value": "["
    },
    {
      "type": "operator",
      "start": 6,
      "end": 7,
      "value": "-"
    },
    {
      "type": "number",
      "start": 7,
      "end": 8,
      "value": "5"
    },
    {
      "type": "whitespace",
      "start": 8,
      "end": 9,
      "value": " "
    },
    {
      "type": "doublePeriod",
      "start": 9,
      "end": 11,
      "value": ".."
    },
    {
      "type": "whitespace",
      "start": 11,
      "end": 12,
      "value": " "
    },
    {
      "type": "number",
      "start": 12,
      "end": 13,
      "value": "5"
    },
    {
      "type": "brace",
      "start": 13,
      "end": 14,
      "value": "]"
    },
    {
      "type": "whitespace",
      "start": 14,
      "end": 15,
      "value": "\n"
    },
    {
      "type": "word",
      "start": 15,
      "end": 26,
      "value": "assertEqual"
    },
    {
      "type": "brace",
      "start": 26,
      "end": 27,
      "value": "("
    },
    {
      "type": "word",
      "start": 27,
      "end": 29,
      "value": "xs"
    },
    {
      "type": "brace",
      "start": 29,
      "end": 30,
      "value": "["
    },
    {
      "type": "number",
      "start": 30,
      "end": 31,
      "value": "0"
    },
    {
      "type": "brace",
      "start": 31,
      "end": 32,
      "value": "]"
    },
    {
      "type": "comma",
      "start": 32,
      "end": 33,
      "value": ","
    },
    {
      "type": "whitespace",
      "start": 33,
      "end": 34,
      "value": " "
    },
    {
      "type": "operator",
      "start": 34,
      "end": 35,
      "value": "-"
    },
    {
      "type": "number",
      "start": 35,
      "end": 36,
      "value": "5"
    },
    {
      "type": "comma",
      "start": 36,
      "end": 37,
      "value": ","
    },
    {
      "type": "whitespace",
      "start": 37,
      "end": 38,
      "value": " "
    },
    {
      "type": "number",
      "start": 38,
      "end": 43,
      "value": "0.001"
    },
    {
      "type": "comma",
      "start": 43,
      "end": 44,
      "value": ","
    },
    {
      "type": "whitespace",
      "start": 44,
      "end": 45,
      "value": " "
    },
    {
      "type": "string",
      "start": 45,
      "end": 66,
      "value": "\"first element is -5\""
    },
    {
      "type": "brace",
      "start": 66,
      "end": 67,
      "value": ")"
    },
    {
      "type": "whitespace",
      "start": 67,
      "end": 68,
      "value": "\n"
    }
  ]
}
