---
source: kcl/src/simulation_tests.rs
description: Program memory after executing boolean_logical_and.kcl
---
{
  "environments": [
    {
      "bindings": {
        "E": {
          "type": "Number",
          "value": 2.718281828459045,
          "__meta": [
            {
              "sourceRange": [
                634,
                672,
                2
              ]
            }
          ]
        },
        "HALF_TURN": {
          "type": "Number",
          "value": 180.0,
          "__meta": [
            {
              "sourceRange": [
                109,
                115,
                1
              ]
            }
          ]
        },
        "PI": {
          "type": "Number",
          "value": 3.141592653589793,
          "__meta": [
            {
              "sourceRange": [
                281,
                319,
                2
              ]
            }
          ]
        },
        "QUARTER_TURN": {
          "type": "Number",
          "value": 90.0,
          "__meta": [
            {
              "sourceRange": [
                84,
                89,
                1
              ]
            }
          ]
        },
        "TAU": {
          "type": "Number",
          "value": 6.283185307179586,
          "__meta": [
            {
              "sourceRange": [
                1017,
                1055,
                2
              ]
            }
          ]
        },
        "THREE_QUARTER_TURN": {
          "type": "Number",
          "value": 270.0,
          "__meta": [
            {
              "sourceRange": [
                144,
                150,
                1
              ]
            }
          ]
        },
        "ZERO": {
          "type": "Number",
          "value": 0.0,
          "__meta": [
            {
              "sourceRange": [
                60,
                61,
                1
              ]
            }
          ]
        },
        "a": {
          "type": "Number",
          "value": 2.0,
          "__meta": [
            {
              "sourceRange": [
                45,
                46,
                0
              ]
            }
          ]
        },
        "aa": {
          "type": "Bool",
          "value": false,
          "__meta": [
            {
              "sourceRange": [
                5,
                9,
                0
              ]
            },
            {
              "sourceRange": [
                12,
                17,
                0
              ]
            }
          ]
        },
        "b": {
          "type": "Number",
          "value": 2.0,
          "__meta": [
            {
              "sourceRange": [
                175,
                176,
                0
              ]
            }
          ]
        },
        "bb": {
          "type": "Bool",
          "value": false,
          "__meta": [
            {
              "sourceRange": [
                135,
                140,
                0
              ]
            },
            {
              "sourceRange": [
                143,
                147,
                0
              ]
            }
          ]
        },
        "c": {
          "type": "Number",
          "value": 1.0,
          "__meta": [
            {
              "sourceRange": [
                290,
                291,
                0
              ]
            }
          ]
        },
        "cc": {
          "type": "Bool",
          "value": true,
          "__meta": [
            {
              "sourceRange": [
                264,
                268,
                0
              ]
            },
            {
              "sourceRange": [
                271,
                275,
                0
              ]
            }
          ]
        },
        "cos": {
          "type": "Function",
          "expression": {
            "body": {
              "body": [],
              "end": 1444,
              "moduleId": 2,
              "start": 1444
            },
            "end": 1445,
            "moduleId": 2,
            "params": [
              {
                "type": "Parameter",
                "identifier": {
                  "end": 1417,
                  "moduleId": 2,
                  "name": "num",
                  "start": 1414,
                  "type": "Identifier"
                },
                "type_": {
                  "type": "Primitive",
                  "type": "Number"
                }
              }
            ],
            "start": 1413,
            "type": "FunctionExpression"
          },
          "memory": null,
          "__meta": [
            {
              "sourceRange": [
                1413,
                1445,
                2
              ]
            }
          ]
        },
        "d": {
          "type": "Number",
          "value": 2.0,
          "__meta": [
            {
              "sourceRange": [
                434,
                435,
                0
              ]
            }
          ]
        },
        "dd": {
          "type": "Bool",
          "value": false,
          "__meta": [
            {
              "sourceRange": [
                393,
                398,
                0
              ]
            },
            {
              "sourceRange": [
                401,
                406,
                0
              ]
            }
          ]
        }
      },
      "parent": null
    }
  ],
  "currentEnv": 0,
  "return": null
}
