---
source: kcl/src/simulation_tests.rs
description: Result of tokenizing tangential_arc.kcl
snapshot_kind: text
---
{
  "Ok": [
    {
      "type": "word",
      "start": 0,
      "end": 9,
      "value": "boxSketch"
    },
    {
      "type": "whitespace",
      "start": 9,
      "end": 10,
      "value": " "
    },
    {
      "type": "operator",
      "start": 10,
      "end": 11,
      "value": "="
    },
    {
      "type": "whitespace",
      "start": 11,
      "end": 12,
      "value": " "
    },
    {
      "type": "word",
      "start": 12,
      "end": 25,
      "value": "startSketchAt"
    },
    {
      "type": "brace",
      "start": 25,
      "end": 26,
      "value": "("
    },
    {
      "type": "brace",
      "start": 26,
      "end": 27,
      "value": "["
    },
    {
      "type": "number",
      "start": 27,
      "end": 28,
      "value": "0"
    },
    {
      "type": "comma",
      "start": 28,
      "end": 29,
      "value": ","
    },
    {
      "type": "whitespace",
      "start": 29,
      "end": 30,
      "value": " "
    },
    {
      "type": "number",
      "start": 30,
      "end": 31,
      "value": "0"
    },
    {
      "type": "brace",
      "start": 31,
      "end": 32,
      "value": "]"
    },
    {
      "type": "brace",
      "start": 32,
      "end": 33,
      "value": ")"
    },
    {
      "type": "whitespace",
      "start": 33,
      "end": 36,
      "value": "\n  "
    },
    {
      "type": "operator",
      "start": 36,
      "end": 38,
      "value": "|>"
    },
    {
      "type": "whitespace",
      "start": 38,
      "end": 39,
      "value": " "
    },
    {
      "type": "word",
      "start": 39,
      "end": 43,
      "value": "line"
    },
    {
      "type": "brace",
      "start": 43,
      "end": 44,
      "value": "("
    },
    {
      "type": "brace",
      "start": 44,
      "end": 45,
      "value": "["
    },
    {
      "type": "number",
      "start": 45,
      "end": 46,
      "value": "0"
    },
    {
      "type": "comma",
      "start": 46,
      "end": 47,
      "value": ","
    },
    {
      "type": "whitespace",
      "start": 47,
      "end": 48,
      "value": " "
    },
    {
      "type": "number",
      "start": 48,
      "end": 50,
      "value": "10"
    },
    {
      "type": "brace",
      "start": 50,
      "end": 51,
      "value": "]"
    },
    {
      "type": "comma",
      "start": 51,
      "end": 52,
      "value": ","
    },
    {
      "type": "whitespace",
      "start": 52,
      "end": 53,
      "value": " "
    },
    {
      "type": "operator",
      "start": 53,
      "end": 54,
      "value": "%"
    },
    {
      "type": "brace",
      "start": 54,
      "end": 55,
      "value": ")"
    },
    {
      "type": "whitespace",
      "start": 55,
      "end": 58,
      "value": "\n  "
    },
    {
      "type": "operator",
      "start": 58,
      "end": 60,
      "value": "|>"
    },
    {
      "type": "whitespace",
      "start": 60,
      "end": 61,
      "value": " "
    },
    {
      "type": "word",
      "start": 61,
      "end": 74,
      "value": "tangentialArc"
    },
    {
      "type": "brace",
      "start": 74,
      "end": 75,
      "value": "("
    },
    {
      "type": "brace",
      "start": 75,
      "end": 76,
      "value": "{"
    },
    {
      "type": "whitespace",
      "start": 76,
      "end": 77,
      "value": " "
    },
    {
      "type": "word",
      "start": 77,
      "end": 83,
      "value": "radius"
    },
    {
      "type": "whitespace",
      "start": 83,
      "end": 84,
      "value": " "
    },
    {
      "type": "operator",
      "start": 84,
      "end": 85,
      "value": "="
    },
    {
      "type": "whitespace",
      "start": 85,
      "end": 86,
      "value": " "
    },
    {
      "type": "number",
      "start": 86,
      "end": 87,
      "value": "5"
    },
    {
      "type": "comma",
      "start": 87,
      "end": 88,
      "value": ","
    },
    {
      "type": "whitespace",
      "start": 88,
      "end": 89,
      "value": " "
    },
    {
      "type": "word",
      "start": 89,
      "end": 95,
      "value": "offset"
    },
    {
      "type": "whitespace",
      "start": 95,
      "end": 96,
      "value": " "
    },
    {
      "type": "operator",
      "start": 96,
      "end": 97,
      "value": "="
    },
    {
      "type": "whitespace",
      "start": 97,
      "end": 98,
      "value": " "
    },
    {
      "type": "number",
      "start": 98,
      "end": 100,
      "value": "90"
    },
    {
      "type": "whitespace",
      "start": 100,
      "end": 101,
      "value": " "
    },
    {
      "type": "brace",
      "start": 101,
      "end": 102,
      "value": "}"
    },
    {
      "type": "comma",
      "start": 102,
      "end": 103,
      "value": ","
    },
    {
      "type": "whitespace",
      "start": 103,
      "end": 104,
      "value": " "
    },
    {
      "type": "operator",
      "start": 104,
      "end": 105,
      "value": "%"
    },
    {
      "type": "brace",
      "start": 105,
      "end": 106,
      "value": ")"
    },
    {
      "type": "whitespace",
      "start": 106,
      "end": 109,
      "value": "\n  "
    },
    {
      "type": "operator",
      "start": 109,
      "end": 111,
      "value": "|>"
    },
    {
      "type": "whitespace",
      "start": 111,
      "end": 112,
      "value": " "
    },
    {
      "type": "word",
      "start": 112,
      "end": 116,
      "value": "line"
    },
    {
      "type": "brace",
      "start": 116,
      "end": 117,
      "value": "("
    },
    {
      "type": "brace",
      "start": 117,
      "end": 118,
      "value": "["
    },
    {
      "type": "number",
      "start": 118,
      "end": 119,
      "value": "5"
    },
    {
      "type": "comma",
      "start": 119,
      "end": 120,
      "value": ","
    },
    {
      "type": "whitespace",
      "start": 120,
      "end": 121,
      "value": " "
    },
    {
      "type": "operator",
      "start": 121,
      "end": 122,
      "value": "-"
    },
    {
      "type": "number",
      "start": 122,
      "end": 124,
      "value": "15"
    },
    {
      "type": "brace",
      "start": 124,
      "end": 125,
      "value": "]"
    },
    {
      "type": "comma",
      "start": 125,
      "end": 126,
      "value": ","
    },
    {
      "type": "whitespace",
      "start": 126,
      "end": 127,
      "value": " "
    },
    {
      "type": "operator",
      "start": 127,
      "end": 128,
      "value": "%"
    },
    {
      "type": "brace",
      "start": 128,
      "end": 129,
      "value": ")"
    },
    {
      "type": "whitespace",
      "start": 129,
      "end": 132,
      "value": "\n  "
    },
    {
      "type": "operator",
      "start": 132,
      "end": 134,
      "value": "|>"
    },
    {
      "type": "whitespace",
      "start": 134,
      "end": 135,
      "value": " "
    },
    {
      "type": "word",
      "start": 135,
      "end": 142,
      "value": "extrude"
    },
    {
      "type": "brace",
      "start": 142,
      "end": 143,
      "value": "("
    },
    {
      "type": "number",
      "start": 143,
      "end": 145,
      "value": "10"
    },
    {
      "type": "comma",
      "start": 145,
      "end": 146,
      "value": ","
    },
    {
      "type": "whitespace",
      "start": 146,
      "end": 147,
      "value": " "
    },
    {
      "type": "operator",
      "start": 147,
      "end": 148,
      "value": "%"
    },
    {
      "type": "brace",
      "start": 148,
      "end": 149,
      "value": ")"
    },
    {
      "type": "whitespace",
      "start": 149,
      "end": 150,
      "value": "\n"
    }
  ]
}
