---
source: kcl/src/simulation_tests.rs
description: Program memory after executing if_else.kcl
---
{
  "environments": [
    {
      "bindings": {
        "E": {
          "type": "Number",
          "value": 2.718281828459045,
          "__meta": [
            {
              "sourceRange": [
                634,
                672,
                2
              ]
            }
          ]
        },
        "HALF_TURN": {
          "type": "Number",
          "value": 180.0,
          "__meta": [
            {
              "sourceRange": [
                109,
                115,
                1
              ]
            }
          ]
        },
        "PI": {
          "type": "Number",
          "value": 3.141592653589793,
          "__meta": [
            {
              "sourceRange": [
                281,
                319,
                2
              ]
            }
          ]
        },
        "QUARTER_TURN": {
          "type": "Number",
          "value": 90.0,
          "__meta": [
            {
              "sourceRange": [
                84,
                89,
                1
              ]
            }
          ]
        },
        "TAU": {
          "type": "Number",
          "value": 6.283185307179586,
          "__meta": [
            {
              "sourceRange": [
                1017,
                1055,
                2
              ]
            }
          ]
        },
        "THREE_QUARTER_TURN": {
          "type": "Number",
          "value": 270.0,
          "__meta": [
            {
              "sourceRange": [
                144,
                150,
                1
              ]
            }
          ]
        },
        "ZERO": {
          "type": "Number",
          "value": 0.0,
          "__meta": [
            {
              "sourceRange": [
                60,
                61,
                1
              ]
            }
          ]
        },
        "a": {
          "type": "Number",
          "value": 3.0,
          "__meta": [
            {
              "sourceRange": [
                64,
                65,
                0
              ]
            }
          ]
        },
        "b": {
          "type": "Number",
          "value": 4.0,
          "__meta": [
            {
              "sourceRange": [
                199,
                200,
                0
              ]
            }
          ]
        },
        "c": {
          "type": "Number",
          "value": 5.0,
          "__meta": [
            {
              "sourceRange": [
                332,
                333,
                0
              ]
            }
          ]
        }
      },
      "parent": null
    }
  ],
  "currentEnv": 0,
  "return": null
}
