---
source: kcl/src/simulation_tests.rs
description: Program memory after executing property_of_object.kcl
---
{
  "environments": [
    {
      "bindings": {
        "E": {
          "type": "Number",
          "value": 2.718281828459045,
          "__meta": [
            {
              "sourceRange": [
                634,
                672,
                2
              ]
            }
          ]
        },
        "HALF_TURN": {
          "type": "Number",
          "value": 180.0,
          "__meta": [
            {
              "sourceRange": [
                109,
                115,
                1
              ]
            }
          ]
        },
        "PI": {
          "type": "Number",
          "value": 3.141592653589793,
          "__meta": [
            {
              "sourceRange": [
                281,
                319,
                2
              ]
            }
          ]
        },
        "QUARTER_TURN": {
          "type": "Number",
          "value": 90.0,
          "__meta": [
            {
              "sourceRange": [
                84,
                89,
                1
              ]
            }
          ]
        },
        "TAU": {
          "type": "Number",
          "value": 6.283185307179586,
          "__meta": [
            {
              "sourceRange": [
                1017,
                1055,
                2
              ]
            }
          ]
        },
        "THREE_QUARTER_TURN": {
          "type": "Number",
          "value": 270.0,
          "__meta": [
            {
              "sourceRange": [
                144,
                150,
                1
              ]
            }
          ]
        },
        "ZERO": {
          "type": "Number",
          "value": 0.0,
          "__meta": [
            {
              "sourceRange": [
                60,
                61,
                1
              ]
            }
          ]
        },
        "cos": {
          "type": "Function",
          "expression": {
            "body": {
              "body": [],
              "end": 1444,
              "moduleId": 2,
              "start": 1444
            },
            "end": 1445,
            "moduleId": 2,
            "params": [
              {
                "type": "Parameter",
                "identifier": {
                  "end": 1417,
                  "moduleId": 2,
                  "name": "num",
                  "start": 1414,
                  "type": "Identifier"
                }
              }
            ],
            "start": 1413,
            "type": "FunctionExpression"
          },
          "memory": null,
          "__meta": [
            {
              "sourceRange": [
                1413,
                1445,
                2
              ]
            }
          ]
        },
        "obj": {
          "type": "Object",
          "value": {
            "bar": {
              "type": "Number",
              "value": 0.0,
              "__meta": [
                {
                  "sourceRange": [
                    73,
                    74,
                    0
                  ]
                }
              ]
            },
            "foo": {
              "type": "Number",
              "value": 1.0,
              "__meta": [
                {
                  "sourceRange": [
                    64,
                    65,
                    0
                  ]
                }
              ]
            }
          },
          "__meta": [
            {
              "sourceRange": [
                56,
                76,
                0
              ]
            }
          ]
        },
        "obj2": {
          "type": "Object",
          "value": {
            "inner": {
              "type": "Object",
              "value": {
                "bar": {
                  "type": "Number",
                  "value": 0.0,
                  "__meta": [
                    {
                      "sourceRange": [
                        73,
                        74,
                        0
                      ]
                    }
                  ]
                },
                "foo": {
                  "type": "Number",
                  "value": 1.0,
                  "__meta": [
                    {
                      "sourceRange": [
                        64,
                        65,
                        0
                      ]
                    }
                  ]
                }
              },
              "__meta": [
                {
                  "sourceRange": [
                    56,
                    76,
                    0
                  ]
                }
              ]
            }
          },
          "__meta": [
            {
              "sourceRange": [
                531,
                546,
                0
              ]
            }
          ]
        },
        "one_a": {
          "type": "Number",
          "value": 1.0,
          "__meta": [
            {
              "sourceRange": [
                64,
                65,
                0
              ]
            }
          ]
        },
        "one_b": {
          "type": "Number",
          "value": 1.0,
          "__meta": [
            {
              "sourceRange": [
                64,
                65,
                0
              ]
            }
          ]
        },
        "one_c": {
          "type": "Number",
          "value": 1.0,
          "__meta": [
            {
              "sourceRange": [
                64,
                65,
                0
              ]
            }
          ]
        },
        "one_d": {
          "type": "Number",
          "value": 1.0,
          "__meta": [
            {
              "sourceRange": [
                64,
                65,
                0
              ]
            }
          ]
        },
        "p": {
          "type": "String",
          "value": "foo",
          "__meta": [
            {
              "sourceRange": [
                344,
                349,
                0
              ]
            }
          ]
        }
      },
      "parent": null
    }
  ],
  "currentEnv": 0,
  "return": null
}
