---
source: kcl/src/simulation_tests.rs
description: Result of tokenizing property_of_object.kcl
snapshot_kind: text
---
{
  "Ok": [
    {
      "type": "lineComment",
      "start": 0,
      "end": 47,
      "value": "// This tests evaluating properties of objects."
    },
    {
      "type": "whitespace",
      "start": 47,
      "end": 50,
      "value": "\n\n\n"
    },
    {
      "type": "word",
      "start": 50,
      "end": 53,
      "value": "obj"
    },
    {
      "type": "whitespace",
      "start": 53,
      "end": 54,
      "value": " "
    },
    {
      "type": "operator",
      "start": 54,
      "end": 55,
      "value": "="
    },
    {
      "type": "whitespace",
      "start": 55,
      "end": 56,
      "value": " "
    },
    {
      "type": "brace",
      "start": 56,
      "end": 57,
      "value": "{"
    },
    {
      "type": "whitespace",
      "start": 57,
      "end": 58,
      "value": " "
    },
    {
      "type": "word",
      "start": 58,
      "end": 61,
      "value": "foo"
    },
    {
      "type": "whitespace",
      "start": 61,
      "end": 62,
      "value": " "
    },
    {
      "type": "operator",
      "start": 62,
      "end": 63,
      "value": "="
    },
    {
      "type": "whitespace",
      "start": 63,
      "end": 64,
      "value": " "
    },
    {
      "type": "number",
      "start": 64,
      "end": 65,
      "value": "1"
    },
    {
      "type": "comma",
      "start": 65,
      "end": 66,
      "value": ","
    },
    {
      "type": "whitespace",
      "start": 66,
      "end": 67,
      "value": " "
    },
    {
      "type": "word",
      "start": 67,
      "end": 70,
      "value": "bar"
    },
    {
      "type": "whitespace",
      "start": 70,
      "end": 71,
      "value": " "
    },
    {
      "type": "operator",
      "start": 71,
      "end": 72,
      "value": "="
    },
    {
      "type": "whitespace",
      "start": 72,
      "end": 73,
      "value": " "
    },
    {
      "type": "number",
      "start": 73,
      "end": 74,
      "value": "0"
    },
    {
      "type": "whitespace",
      "start": 74,
      "end": 75,
      "value": " "
    },
    {
      "type": "brace",
      "start": 75,
      "end": 76,
      "value": "}"
    },
    {
      "type": "whitespace",
      "start": 76,
      "end": 78,
      "value": "\n\n"
    },
    {
      "type": "lineComment",
      "start": 78,
      "end": 113,
      "value": "// Test: the property is a literal."
    },
    {
      "type": "whitespace",
      "start": 113,
      "end": 116,
      "value": "\n\n\n"
    },
    {
      "type": "word",
      "start": 116,
      "end": 121,
      "value": "one_a"
    },
    {
      "type": "whitespace",
      "start": 121,
      "end": 122,
      "value": " "
    },
    {
      "type": "operator",
      "start": 122,
      "end": 123,
      "value": "="
    },
    {
      "type": "whitespace",
      "start": 123,
      "end": 124,
      "value": " "
    },
    {
      "type": "word",
      "start": 124,
      "end": 127,
      "value": "obj"
    },
    {
      "type": "brace",
      "start": 127,
      "end": 128,
      "value": "["
    },
    {
      "type": "string",
      "start": 128,
      "end": 133,
      "value": "\"foo\""
    },
    {
      "type": "brace",
      "start": 133,
      "end": 134,
      "value": "]"
    },
    {
      "type": "whitespace",
      "start": 134,
      "end": 136,
      "value": "\n\n"
    },
    {
      "type": "word",
      "start": 136,
      "end": 154,
      "value": "assertLessThanOrEq"
    },
    {
      "type": "brace",
      "start": 154,
      "end": 155,
      "value": "("
    },
    {
      "type": "word",
      "start": 155,
      "end": 160,
      "value": "one_a"
    },
    {
      "type": "comma",
      "start": 160,
      "end": 161,
      "value": ","
    },
    {
      "type": "whitespace",
      "start": 161,
      "end": 162,
      "value": " "
    },
    {
      "type": "number",
      "start": 162,
      "end": 163,
      "value": "1"
    },
    {
      "type": "comma",
      "start": 163,
      "end": 164,
      "value": ","
    },
    {
      "type": "whitespace",
      "start": 164,
      "end": 165,
      "value": " "
    },
    {
      "type": "string",
      "start": 165,
      "end": 190,
      "value": "\"Literal property lookup\""
    },
    {
      "type": "brace",
      "start": 190,
      "end": 191,
      "value": ")"
    },
    {
      "type": "whitespace",
      "start": 191,
      "end": 192,
      "value": "\n"
    },
    {
      "type": "word",
      "start": 192,
      "end": 213,
      "value": "assertGreaterThanOrEq"
    },
    {
      "type": "brace",
      "start": 213,
      "end": 214,
      "value": "("
    },
    {
      "type": "word",
      "start": 214,
      "end": 219,
      "value": "one_a"
    },
    {
      "type": "comma",
      "start": 219,
      "end": 220,
      "value": ","
    },
    {
      "type": "whitespace",
      "start": 220,
      "end": 221,
      "value": " "
    },
    {
      "type": "number",
      "start": 221,
      "end": 222,
      "value": "1"
    },
    {
      "type": "comma",
      "start": 222,
      "end": 223,
      "value": ","
    },
    {
      "type": "whitespace",
      "start": 223,
      "end": 224,
      "value": " "
    },
    {
      "type": "string",
      "start": 224,
      "end": 249,
      "value": "\"Literal property lookup\""
    },
    {
      "type": "brace",
      "start": 249,
      "end": 250,
      "value": ")"
    },
    {
      "type": "whitespace",
      "start": 250,
      "end": 252,
      "value": "\n\n"
    },
    {
      "type": "lineComment",
      "start": 252,
      "end": 288,
      "value": "// Test: the property is a variable,"
    },
    {
      "type": "whitespace",
      "start": 288,
      "end": 289,
      "value": "\n"
    },
    {
      "type": "lineComment",
      "start": 289,
      "end": 337,
      "value": "// which must be evaluated before looking it up."
    },
    {
      "type": "whitespace",
      "start": 337,
      "end": 340,
      "value": "\n\n\n"
    },
    {
      "type": "word",
      "start": 340,
      "end": 341,
      "value": "p"
    },
    {
      "type": "whitespace",
      "start": 341,
      "end": 342,
      "value": " "
    },
    {
      "type": "operator",
      "start": 342,
      "end": 343,
      "value": "="
    },
    {
      "type": "whitespace",
      "start": 343,
      "end": 344,
      "value": " "
    },
    {
      "type": "string",
      "start": 344,
      "end": 349,
      "value": "\"foo\""
    },
    {
      "type": "whitespace",
      "start": 349,
      "end": 350,
      "value": "\n"
    },
    {
      "type": "word",
      "start": 350,
      "end": 355,
      "value": "one_b"
    },
    {
      "type": "whitespace",
      "start": 355,
      "end": 356,
      "value": " "
    },
    {
      "type": "operator",
      "start": 356,
      "end": 357,
      "value": "="
    },
    {
      "type": "whitespace",
      "start": 357,
      "end": 358,
      "value": " "
    },
    {
      "type": "word",
      "start": 358,
      "end": 361,
      "value": "obj"
    },
    {
      "type": "brace",
      "start": 361,
      "end": 362,
      "value": "["
    },
    {
      "type": "word",
      "start": 362,
      "end": 363,
      "value": "p"
    },
    {
      "type": "brace",
      "start": 363,
      "end": 364,
      "value": "]"
    },
    {
      "type": "whitespace",
      "start": 364,
      "end": 366,
      "value": "\n\n"
    },
    {
      "type": "word",
      "start": 366,
      "end": 384,
      "value": "assertLessThanOrEq"
    },
    {
      "type": "brace",
      "start": 384,
      "end": 385,
      "value": "("
    },
    {
      "type": "word",
      "start": 385,
      "end": 390,
      "value": "one_b"
    },
    {
      "type": "comma",
      "start": 390,
      "end": 391,
      "value": ","
    },
    {
      "type": "whitespace",
      "start": 391,
      "end": 392,
      "value": " "
    },
    {
      "type": "number",
      "start": 392,
      "end": 393,
      "value": "1"
    },
    {
      "type": "comma",
      "start": 393,
      "end": 394,
      "value": ","
    },
    {
      "type": "whitespace",
      "start": 394,
      "end": 395,
      "value": " "
    },
    {
      "type": "string",
      "start": 395,
      "end": 421,
      "value": "\"Computed property lookup\""
    },
    {
      "type": "brace",
      "start": 421,
      "end": 422,
      "value": ")"
    },
    {
      "type": "whitespace",
      "start": 422,
      "end": 423,
      "value": "\n"
    },
    {
      "type": "word",
      "start": 423,
      "end": 444,
      "value": "assertGreaterThanOrEq"
    },
    {
      "type": "brace",
      "start": 444,
      "end": 445,
      "value": "("
    },
    {
      "type": "word",
      "start": 445,
      "end": 450,
      "value": "one_b"
    },
    {
      "type": "comma",
      "start": 450,
      "end": 451,
      "value": ","
    },
    {
      "type": "whitespace",
      "start": 451,
      "end": 452,
      "value": " "
    },
    {
      "type": "number",
      "start": 452,
      "end": 453,
      "value": "1"
    },
    {
      "type": "comma",
      "start": 453,
      "end": 454,
      "value": ","
    },
    {
      "type": "whitespace",
      "start": 454,
      "end": 455,
      "value": " "
    },
    {
      "type": "string",
      "start": 455,
      "end": 481,
      "value": "\"Computed property lookup\""
    },
    {
      "type": "brace",
      "start": 481,
      "end": 482,
      "value": ")"
    },
    {
      "type": "whitespace",
      "start": 482,
      "end": 484,
      "value": "\n\n"
    },
    {
      "type": "lineComment",
      "start": 484,
      "end": 521,
      "value": "// Test: multiple literal properties."
    },
    {
      "type": "whitespace",
      "start": 521,
      "end": 524,
      "value": "\n\n\n"
    },
    {
      "type": "word",
      "start": 524,
      "end": 528,
      "value": "obj2"
    },
    {
      "type": "whitespace",
      "start": 528,
      "end": 529,
      "value": " "
    },
    {
      "type": "operator",
      "start": 529,
      "end": 530,
      "value": "="
    },
    {
      "type": "whitespace",
      "start": 530,
      "end": 531,
      "value": " "
    },
    {
      "type": "brace",
      "start": 531,
      "end": 532,
      "value": "{"
    },
    {
      "type": "whitespace",
      "start": 532,
      "end": 533,
      "value": " "
    },
    {
      "type": "word",
      "start": 533,
      "end": 538,
      "value": "inner"
    },
    {
      "type": "whitespace",
      "start": 538,
      "end": 539,
      "value": " "
    },
    {
      "type": "operator",
      "start": 539,
      "end": 540,
      "value": "="
    },
    {
      "type": "whitespace",
      "start": 540,
      "end": 541,
      "value": " "
    },
    {
      "type": "word",
      "start": 541,
      "end": 544,
      "value": "obj"
    },
    {
      "type": "whitespace",
      "start": 544,
      "end": 545,
      "value": " "
    },
    {
      "type": "brace",
      "start": 545,
      "end": 546,
      "value": "}"
    },
    {
      "type": "whitespace",
      "start": 546,
      "end": 548,
      "value": "\n\n"
    },
    {
      "type": "word",
      "start": 548,
      "end": 553,
      "value": "one_c"
    },
    {
      "type": "whitespace",
      "start": 553,
      "end": 554,
      "value": " "
    },
    {
      "type": "operator",
      "start": 554,
      "end": 555,
      "value": "="
    },
    {
      "type": "whitespace",
      "start": 555,
      "end": 556,
      "value": " "
    },
    {
      "type": "word",
      "start": 556,
      "end": 560,
      "value": "obj2"
    },
    {
      "type": "period",
      "start": 560,
      "end": 561,
      "value": "."
    },
    {
      "type": "word",
      "start": 561,
      "end": 566,
      "value": "inner"
    },
    {
      "type": "brace",
      "start": 566,
      "end": 567,
      "value": "["
    },
    {
      "type": "string",
      "start": 567,
      "end": 572,
      "value": "\"foo\""
    },
    {
      "type": "brace",
      "start": 572,
      "end": 573,
      "value": "]"
    },
    {
      "type": "whitespace",
      "start": 573,
      "end": 575,
      "value": "\n\n"
    },
    {
      "type": "word",
      "start": 575,
      "end": 593,
      "value": "assertLessThanOrEq"
    },
    {
      "type": "brace",
      "start": 593,
      "end": 594,
      "value": "("
    },
    {
      "type": "word",
      "start": 594,
      "end": 599,
      "value": "one_c"
    },
    {
      "type": "comma",
      "start": 599,
      "end": 600,
      "value": ","
    },
    {
      "type": "whitespace",
      "start": 600,
      "end": 601,
      "value": " "
    },
    {
      "type": "number",
      "start": 601,
      "end": 602,
      "value": "1"
    },
    {
      "type": "comma",
      "start": 602,
      "end": 603,
      "value": ","
    },
    {
      "type": "whitespace",
      "start": 603,
      "end": 604,
      "value": " "
    },
    {
      "type": "string",
      "start": 604,
      "end": 629,
      "value": "\"Literal property lookup\""
    },
    {
      "type": "brace",
      "start": 629,
      "end": 630,
      "value": ")"
    },
    {
      "type": "whitespace",
      "start": 630,
      "end": 631,
      "value": "\n"
    },
    {
      "type": "word",
      "start": 631,
      "end": 652,
      "value": "assertGreaterThanOrEq"
    },
    {
      "type": "brace",
      "start": 652,
      "end": 653,
      "value": "("
    },
    {
      "type": "word",
      "start": 653,
      "end": 658,
      "value": "one_c"
    },
    {
      "type": "comma",
      "start": 658,
      "end": 659,
      "value": ","
    },
    {
      "type": "whitespace",
      "start": 659,
      "end": 660,
      "value": " "
    },
    {
      "type": "number",
      "start": 660,
      "end": 661,
      "value": "1"
    },
    {
      "type": "comma",
      "start": 661,
      "end": 662,
      "value": ","
    },
    {
      "type": "whitespace",
      "start": 662,
      "end": 663,
      "value": " "
    },
    {
      "type": "string",
      "start": 663,
      "end": 688,
      "value": "\"Literal property lookup\""
    },
    {
      "type": "brace",
      "start": 688,
      "end": 689,
      "value": ")"
    },
    {
      "type": "whitespace",
      "start": 689,
      "end": 691,
      "value": "\n\n"
    },
    {
      "type": "lineComment",
      "start": 691,
      "end": 749,
      "value": "// Test: multiple properties, mix of literal and computed."
    },
    {
      "type": "whitespace",
      "start": 749,
      "end": 752,
      "value": "\n\n\n"
    },
    {
      "type": "word",
      "start": 752,
      "end": 757,
      "value": "one_d"
    },
    {
      "type": "whitespace",
      "start": 757,
      "end": 758,
      "value": " "
    },
    {
      "type": "operator",
      "start": 758,
      "end": 759,
      "value": "="
    },
    {
      "type": "whitespace",
      "start": 759,
      "end": 760,
      "value": " "
    },
    {
      "type": "word",
      "start": 760,
      "end": 764,
      "value": "obj2"
    },
    {
      "type": "period",
      "start": 764,
      "end": 765,
      "value": "."
    },
    {
      "type": "word",
      "start": 765,
      "end": 770,
      "value": "inner"
    },
    {
      "type": "brace",
      "start": 770,
      "end": 771,
      "value": "["
    },
    {
      "type": "word",
      "start": 771,
      "end": 772,
      "value": "p"
    },
    {
      "type": "brace",
      "start": 772,
      "end": 773,
      "value": "]"
    },
    {
      "type": "whitespace",
      "start": 773,
      "end": 775,
      "value": "\n\n"
    },
    {
      "type": "word",
      "start": 775,
      "end": 793,
      "value": "assertLessThanOrEq"
    },
    {
      "type": "brace",
      "start": 793,
      "end": 794,
      "value": "("
    },
    {
      "type": "word",
      "start": 794,
      "end": 799,
      "value": "one_d"
    },
    {
      "type": "comma",
      "start": 799,
      "end": 800,
      "value": ","
    },
    {
      "type": "whitespace",
      "start": 800,
      "end": 801,
      "value": " "
    },
    {
      "type": "number",
      "start": 801,
      "end": 802,
      "value": "1"
    },
    {
      "type": "comma",
      "start": 802,
      "end": 803,
      "value": ","
    },
    {
      "type": "whitespace",
      "start": 803,
      "end": 804,
      "value": " "
    },
    {
      "type": "string",
      "start": 804,
      "end": 830,
      "value": "\"Computed property lookup\""
    },
    {
      "type": "brace",
      "start": 830,
      "end": 831,
      "value": ")"
    },
    {
      "type": "whitespace",
      "start": 831,
      "end": 832,
      "value": "\n"
    },
    {
      "type": "word",
      "start": 832,
      "end": 853,
      "value": "assertGreaterThanOrEq"
    },
    {
      "type": "brace",
      "start": 853,
      "end": 854,
      "value": "("
    },
    {
      "type": "word",
      "start": 854,
      "end": 859,
      "value": "one_d"
    },
    {
      "type": "comma",
      "start": 859,
      "end": 860,
      "value": ","
    },
    {
      "type": "whitespace",
      "start": 860,
      "end": 861,
      "value": " "
    },
    {
      "type": "number",
      "start": 861,
      "end": 862,
      "value": "1"
    },
    {
      "type": "comma",
      "start": 862,
      "end": 863,
      "value": ","
    },
    {
      "type": "whitespace",
      "start": 863,
      "end": 864,
      "value": " "
    },
    {
      "type": "string",
      "start": 864,
      "end": 890,
      "value": "\"Computed property lookup\""
    },
    {
      "type": "brace",
      "start": 890,
      "end": 891,
      "value": ")"
    },
    {
      "type": "whitespace",
      "start": 891,
      "end": 892,
      "value": "\n"
    }
  ]
}
