---
source: kcl/src/simulation_tests.rs
description: Program memory after executing artifact_graph_example_code_offset_planes.kcl
---
{
  "environments": [
    {
      "bindings": {
        "E": {
          "type": "Number",
          "value": 2.718281828459045,
          "__meta": [
            {
              "sourceRange": [
                634,
                672,
                2
              ]
            }
          ]
        },
        "HALF_TURN": {
          "type": "Number",
          "value": 180.0,
          "__meta": [
            {
              "sourceRange": [
                109,
                115,
                1
              ]
            }
          ]
        },
        "PI": {
          "type": "Number",
          "value": 3.141592653589793,
          "__meta": [
            {
              "sourceRange": [
                281,
                319,
                2
              ]
            }
          ]
        },
        "QUARTER_TURN": {
          "type": "Number",
          "value": 90.0,
          "__meta": [
            {
              "sourceRange": [
                84,
                89,
                1
              ]
            }
          ]
        },
        "TAU": {
          "type": "Number",
          "value": 6.283185307179586,
          "__meta": [
            {
              "sourceRange": [
                1017,
                1055,
                2
              ]
            }
          ]
        },
        "THREE_QUARTER_TURN": {
          "type": "Number",
          "value": 270.0,
          "__meta": [
            {
              "sourceRange": [
                144,
                150,
                1
              ]
            }
          ]
        },
        "ZERO": {
          "type": "Number",
          "value": 0.0,
          "__meta": [
            {
              "sourceRange": [
                60,
                61,
                1
              ]
            }
          ]
        },
        "offsetPlane001": {
          "type": "Plane",
          "value": {
            "id": "[uuid]",
            "value": "Custom",
            "origin": {
              "x": 0.0,
              "y": 0.0,
              "z": 20.0
            },
            "xAxis": {
              "x": 1.0,
              "y": 0.0,
              "z": 0.0
            },
            "yAxis": {
              "x": 0.0,
              "y": 1.0,
              "z": 0.0
            },
            "zAxis": {
              "x": 0.0,
              "y": 0.0,
              "z": 1.0
            },
            "units": {
              "type": "Mm"
            },
            "__meta": []
          }
        },
        "offsetPlane002": {
          "type": "Plane",
          "value": {
            "id": "[uuid]",
            "value": "Custom",
            "origin": {
              "x": 0.0,
              "y": 50.0,
              "z": 0.0
            },
            "xAxis": {
              "x": 1.0,
              "y": 0.0,
              "z": 0.0
            },
            "yAxis": {
              "x": 0.0,
              "y": 0.0,
              "z": 1.0
            },
            "zAxis": {
              "x": 0.0,
              "y": -1.0,
              "z": 0.0
            },
            "units": {
              "type": "Mm"
            },
            "__meta": []
          }
        },
        "offsetPlane003": {
          "type": "Plane",
          "value": {
            "id": "[uuid]",
            "value": "Custom",
            "origin": {
              "x": 10.0,
              "y": 0.0,
              "z": 0.0
            },
            "xAxis": {
              "x": 0.0,
              "y": 1.0,
              "z": 0.0
            },
            "yAxis": {
              "x": 0.0,
              "y": 0.0,
              "z": 1.0
            },
            "zAxis": {
              "x": 1.0,
              "y": 0.0,
              "z": 0.0
            },
            "units": {
              "type": "Mm"
            },
            "__meta": []
          }
        },
        "sketch002": {
          "type": "Sketch",
          "value": {
            "type": "Sketch",
            "id": "[uuid]",
            "paths": [
              {
                "__geoMeta": {
                  "id": "[uuid]",
                  "sourceRange": [
                    197,
                    219,
                    0
                  ]
                },
                "from": [
                  0.0,
                  0.0
                ],
                "tag": null,
                "to": [
                  6.78,
                  15.01
                ],
                "type": "ToPoint"
              }
            ],
            "on": {
              "type": "plane",
              "id": "[uuid]",
              "value": "Custom",
              "origin": {
                "x": 0.0,
                "y": 0.0,
                "z": 20.0
              },
              "xAxis": {
                "x": 1.0,
                "y": 0.0,
                "z": 0.0
              },
              "yAxis": {
                "x": 0.0,
                "y": 1.0,
                "z": 0.0
              },
              "zAxis": {
                "x": 0.0,
                "y": 0.0,
                "z": 1.0
              },
              "units": {
                "type": "Mm"
              },
              "__meta": []
            },
            "start": {
              "from": [
                0.0,
                0.0
              ],
              "to": [
                0.0,
                0.0
              ],
              "tag": null,
              "__geoMeta": {
                "id": "[uuid]",
                "sourceRange": [
                  166,
                  191,
                  0
                ]
              }
            },
            "units": {
              "type": "Mm"
            },
            "__meta": [
              {
                "sourceRange": [
                  166,
                  191,
                  0
                ]
              }
            ]
          }
        }
      },
      "parent": null
    }
  ],
  "currentEnv": 0,
  "return": null
}
