---
source: kcl/src/simulation_tests.rs
description: Program memory after executing kw_fn_with_defaults.kcl
---
{
  "environments": [
    {
      "bindings": {
        "E": {
          "type": "Number",
          "value": 2.718281828459045,
          "__meta": [
            {
              "sourceRange": [
                634,
                672,
                2
              ]
            }
          ]
        },
        "HALF_TURN": {
          "type": "Number",
          "value": 180.0,
          "__meta": [
            {
              "sourceRange": [
                109,
                115,
                1
              ]
            }
          ]
        },
        "PI": {
          "type": "Number",
          "value": 3.141592653589793,
          "__meta": [
            {
              "sourceRange": [
                281,
                319,
                2
              ]
            }
          ]
        },
        "QUARTER_TURN": {
          "type": "Number",
          "value": 90.0,
          "__meta": [
            {
              "sourceRange": [
                84,
                89,
                1
              ]
            }
          ]
        },
        "TAU": {
          "type": "Number",
          "value": 6.283185307179586,
          "__meta": [
            {
              "sourceRange": [
                1017,
                1055,
                2
              ]
            }
          ]
        },
        "THREE_QUARTER_TURN": {
          "type": "Number",
          "value": 270.0,
          "__meta": [
            {
              "sourceRange": [
                144,
                150,
                1
              ]
            }
          ]
        },
        "ZERO": {
          "type": "Number",
          "value": 0.0,
          "__meta": [
            {
              "sourceRange": [
                60,
                61,
                1
              ]
            }
          ]
        },
        "cos": {
          "type": "Function",
          "expression": {
            "body": {
              "body": [],
              "end": 1444,
              "moduleId": 2,
              "start": 1444
            },
            "end": 1445,
            "moduleId": 2,
            "params": [
              {
                "type": "Parameter",
                "identifier": {
                  "end": 1417,
                  "moduleId": 2,
                  "name": "num",
                  "start": 1414,
                  "type": "Identifier"
                }
              }
            ],
            "start": 1413,
            "type": "FunctionExpression"
          },
          "memory": null,
          "__meta": [
            {
              "sourceRange": [
                1413,
                1445,
                2
              ]
            }
          ]
        },
        "increment": {
          "type": "Function",
          "expression": {
            "body": {
              "body": [
                {
                  "argument": {
                    "end": 43,
                    "left": {
                      "end": 38,
                      "name": "x",
                      "start": 37,
                      "type": "Identifier",
                      "type": "Identifier"
                    },
                    "operator": "+",
                    "right": {
                      "end": 43,
                      "name": "by",
                      "start": 41,
                      "type": "Identifier",
                      "type": "Identifier"
                    },
                    "start": 37,
                    "type": "BinaryExpression",
                    "type": "BinaryExpression"
                  },
                  "end": 43,
                  "start": 30,
                  "type": "ReturnStatement",
                  "type": "ReturnStatement"
                }
              ],
              "end": 45,
              "start": 26
            },
            "end": 45,
            "params": [
              {
                "type": "Parameter",
                "identifier": {
                  "end": 15,
                  "name": "x",
                  "start": 14,
                  "type": "Identifier"
                },
                "labeled": false
              },
              {
                "type": "Parameter",
                "identifier": {
                  "end": 19,
                  "name": "by",
                  "start": 17,
                  "type": "Identifier"
                },
                "default_value": {
                  "type": "Literal",
                  "type": "Literal",
                  "value": {
                    "value": 1.0,
                    "suffix": "None"
                  },
                  "raw": "1"
                }
              }
            ],
            "start": 12,
            "type": "FunctionExpression"
          },
          "memory": {
            "environments": [
              {
                "bindings": {
                  "E": {
                    "type": "Number",
                    "value": 2.718281828459045,
                    "__meta": [
                      {
                        "sourceRange": [
                          634,
                          672,
                          2
                        ]
                      }
                    ]
                  },
                  "HALF_TURN": {
                    "type": "Number",
                    "value": 180.0,
                    "__meta": [
                      {
                        "sourceRange": [
                          109,
                          115,
                          1
                        ]
                      }
                    ]
                  },
                  "PI": {
                    "type": "Number",
                    "value": 3.141592653589793,
                    "__meta": [
                      {
                        "sourceRange": [
                          281,
                          319,
                          2
                        ]
                      }
                    ]
                  },
                  "QUARTER_TURN": {
                    "type": "Number",
                    "value": 90.0,
                    "__meta": [
                      {
                        "sourceRange": [
                          84,
                          89,
                          1
                        ]
                      }
                    ]
                  },
                  "TAU": {
                    "type": "Number",
                    "value": 6.283185307179586,
                    "__meta": [
                      {
                        "sourceRange": [
                          1017,
                          1055,
                          2
                        ]
                      }
                    ]
                  },
                  "THREE_QUARTER_TURN": {
                    "type": "Number",
                    "value": 270.0,
                    "__meta": [
                      {
                        "sourceRange": [
                          144,
                          150,
                          1
                        ]
                      }
                    ]
                  },
                  "ZERO": {
                    "type": "Number",
                    "value": 0.0,
                    "__meta": [
                      {
                        "sourceRange": [
                          60,
                          61,
                          1
                        ]
                      }
                    ]
                  },
                  "cos": {
                    "type": "Function",
                    "expression": {
                      "body": {
                        "body": [],
                        "end": 1444,
                        "moduleId": 2,
                        "start": 1444
                      },
                      "end": 1445,
                      "moduleId": 2,
                      "params": [
                        {
                          "type": "Parameter",
                          "identifier": {
                            "end": 1417,
                            "moduleId": 2,
                            "name": "num",
                            "start": 1414,
                            "type": "Identifier"
                          }
                        }
                      ],
                      "start": 1413,
                      "type": "FunctionExpression"
                    },
                    "memory": null,
                    "__meta": [
                      {
                        "sourceRange": [
                          1413,
                          1445,
                          2
                        ]
                      }
                    ]
                  }
                },
                "parent": null
              }
            ],
            "currentEnv": 0,
            "return": null
          },
          "__meta": [
            {
              "sourceRange": [
                12,
                45,
                0
              ]
            }
          ]
        },
        "twentyOne": {
          "type": "Number",
          "value": 21.0,
          "__meta": [
            {
              "sourceRange": [
                88,
                89,
                0
              ]
            },
            {
              "sourceRange": [
                96,
                98,
                0
              ]
            }
          ]
        },
        "two": {
          "type": "Number",
          "value": 2.0,
          "__meta": [
            {
              "sourceRange": [
                63,
                64,
                0
              ]
            }
          ]
        }
      },
      "parent": null
    }
  ],
  "currentEnv": 0,
  "return": null
}
