---
source: kcl/src/simulation_tests.rs
description: Program memory after executing import_whole.kcl
---
{
  "environments": [
    {
      "bindings": {
        "E": {
          "type": "Number",
          "value": 2.718281828459045,
          "__meta": [
            {
              "sourceRange": [
                634,
                672,
                2
              ]
            }
          ]
        },
        "HALF_TURN": {
          "type": "Number",
          "value": 180.0,
          "__meta": [
            {
              "sourceRange": [
                109,
                115,
                1
              ]
            }
          ]
        },
        "PI": {
          "type": "Number",
          "value": 3.141592653589793,
          "__meta": [
            {
              "sourceRange": [
                281,
                319,
                2
              ]
            }
          ]
        },
        "QUARTER_TURN": {
          "type": "Number",
          "value": 90.0,
          "__meta": [
            {
              "sourceRange": [
                84,
                89,
                1
              ]
            }
          ]
        },
        "TAU": {
          "type": "Number",
          "value": 6.283185307179586,
          "__meta": [
            {
              "sourceRange": [
                1017,
                1055,
                2
              ]
            }
          ]
        },
        "THREE_QUARTER_TURN": {
          "type": "Number",
          "value": 270.0,
          "__meta": [
            {
              "sourceRange": [
                144,
                150,
                1
              ]
            }
          ]
        },
        "ZERO": {
          "type": "Number",
          "value": 0.0,
          "__meta": [
            {
              "sourceRange": [
                60,
                61,
                1
              ]
            }
          ]
        },
        "bar": {
          "type": "Solid",
          "value": {
            "type": "Solid",
            "id": "[uuid]",
            "value": [
              {
                "faceId": "[uuid]",
                "id": "[uuid]",
                "sourceRange": [
                  61,
                  104,
                  3
                ],
                "tag": null,
                "type": "extrudeArc"
              }
            ],
            "sketch": {
              "type": "Sketch",
              "id": "[uuid]",
              "paths": [
                {
                  "__geoMeta": {
                    "id": "[uuid]",
                    "sourceRange": [
                      61,
                      104,
                      3
                    ]
                  },
                  "ccw": true,
                  "center": [
                    5.0,
                    5.0
                  ],
                  "from": [
                    15.0,
                    5.0
                  ],
                  "radius": 10.0,
                  "tag": null,
                  "to": [
                    15.0,
                    5.0
                  ],
                  "type": "Circle"
                }
              ],
              "on": {
                "type": "plane",
                "id": "[uuid]",
                "value": "XY",
                "origin": {
                  "x": 0.0,
                  "y": 0.0,
                  "z": 0.0
                },
                "xAxis": {
                  "x": 1.0,
                  "y": 0.0,
                  "z": 0.0
                },
                "yAxis": {
                  "x": 0.0,
                  "y": 1.0,
                  "z": 0.0
                },
                "zAxis": {
                  "x": 0.0,
                  "y": 0.0,
                  "z": 1.0
                },
                "units": {
                  "type": "Inches"
                },
                "__meta": []
              },
              "start": {
                "from": [
                  15.0,
                  5.0
                ],
                "to": [
                  15.0,
                  5.0
                ],
                "tag": null,
                "__geoMeta": {
                  "id": "[uuid]",
                  "sourceRange": [
                    61,
                    104,
                    3
                  ]
                }
              },
              "units": {
                "type": "Inches"
              },
              "__meta": [
                {
                  "sourceRange": [
                    61,
                    104,
                    3
                  ]
                }
              ]
            },
            "height": 10.0,
            "startCapId": "[uuid]",
            "endCapId": "[uuid]",
            "units": {
              "type": "Inches"
            },
            "__meta": [
              {
                "sourceRange": [
                  61,
                  104,
                  3
                ]
              }
            ]
          }
        },
        "cos": {
          "type": "Function",
          "expression": {
            "body": {
              "body": [],
              "end": 1444,
              "moduleId": 2,
              "start": 1444
            },
            "end": 1445,
            "moduleId": 2,
            "params": [
              {
                "type": "Parameter",
                "identifier": {
                  "end": 1417,
                  "moduleId": 2,
                  "name": "num",
                  "start": 1414,
                  "type": "Identifier"
                },
                "type_": {
                  "Rad": null,
                  "type": "Primitive",
                  "type": "Number"
                }
              }
            ],
            "start": 1413,
            "type": "FunctionExpression"
          },
          "memory": null,
          "__meta": [
            {
              "sourceRange": [
                1413,
                1445,
                2
              ]
            }
          ]
        },
        "foo": {
          "type": "Module",
          "value": 3,
          "__meta": [
            {
              "sourceRange": [
                34,
                66,
                0
              ]
            }
          ]
        }
      },
      "parent": null
    }
  ],
  "currentEnv": 0,
  "return": null
}
