---
source: kcl/src/simulation_tests.rs
description: Program memory after executing index_of_array.kcl
---
{
  "environments": [
    {
      "bindings": {
        "E": {
          "type": "Number",
          "value": 2.718281828459045,
          "__meta": [
            {
              "sourceRange": [
                634,
                672,
                2
              ]
            }
          ]
        },
        "HALF_TURN": {
          "type": "Number",
          "value": 180.0,
          "__meta": [
            {
              "sourceRange": [
                109,
                115,
                1
              ]
            }
          ]
        },
        "PI": {
          "type": "Number",
          "value": 3.141592653589793,
          "__meta": [
            {
              "sourceRange": [
                281,
                319,
                2
              ]
            }
          ]
        },
        "QUARTER_TURN": {
          "type": "Number",
          "value": 90.0,
          "__meta": [
            {
              "sourceRange": [
                84,
                89,
                1
              ]
            }
          ]
        },
        "TAU": {
          "type": "Number",
          "value": 6.283185307179586,
          "__meta": [
            {
              "sourceRange": [
                1017,
                1055,
                2
              ]
            }
          ]
        },
        "THREE_QUARTER_TURN": {
          "type": "Number",
          "value": 270.0,
          "__meta": [
            {
              "sourceRange": [
                144,
                150,
                1
              ]
            }
          ]
        },
        "ZERO": {
          "type": "Number",
          "value": 0.0,
          "__meta": [
            {
              "sourceRange": [
                60,
                61,
                1
              ]
            }
          ]
        },
        "arr": {
          "type": "Array",
          "value": [
            {
              "type": "Number",
              "value": 90.0,
              "__meta": [
                {
                  "sourceRange": [
                    42,
                    44,
                    0
                  ]
                }
              ]
            },
            {
              "type": "Number",
              "value": 91.0,
              "__meta": [
                {
                  "sourceRange": [
                    46,
                    48,
                    0
                  ]
                }
              ]
            },
            {
              "type": "Number",
              "value": 92.0,
              "__meta": [
                {
                  "sourceRange": [
                    50,
                    52,
                    0
                  ]
                }
              ]
            }
          ],
          "__meta": [
            {
              "sourceRange": [
                41,
                53,
                0
              ]
            }
          ]
        },
        "cos": {
          "type": "Function",
          "expression": {
            "body": {
              "body": [],
              "end": 1444,
              "moduleId": 2,
              "start": 1444
            },
            "end": 1445,
            "moduleId": 2,
            "params": [
              {
                "type": "Parameter",
                "identifier": {
                  "end": 1417,
                  "moduleId": 2,
                  "name": "num",
                  "start": 1414,
                  "type": "Identifier"
                },
                "type_": {
                  "Rad": null,
                  "type": "Primitive",
                  "type": "Number"
                }
              }
            ],
            "start": 1413,
            "type": "FunctionExpression"
          },
          "memory": null,
          "__meta": [
            {
              "sourceRange": [
                1413,
                1445,
                2
              ]
            }
          ]
        },
        "i": {
          "type": "Number",
          "value": 1.0,
          "__meta": [
            {
              "sourceRange": [
                252,
                262,
                0
              ]
            }
          ]
        },
        "result0": {
          "type": "Number",
          "value": 91.0,
          "__meta": [
            {
              "sourceRange": [
                46,
                48,
                0
              ]
            }
          ]
        },
        "result1": {
          "type": "Number",
          "value": 91.0,
          "__meta": [
            {
              "sourceRange": [
                46,
                48,
                0
              ]
            }
          ]
        }
      },
      "parent": null
    }
  ],
  "currentEnv": 0,
  "return": null
}
